Archive member included to satisfy reference by file (symbol)

d:/rv_gcc/rv_windows_bare_9.21_win32/rv_windows_2020_1_5/bin/../lib/gcc/riscv-nuclei-elf/9.2.0/rv32i/ilp32\libgcc.a(divdf3.o)
                              ./App/systick.o (__divdf3)
d:/rv_gcc/rv_windows_bare_9.21_win32/rv_windows_2020_1_5/bin/../lib/gcc/riscv-nuclei-elf/9.2.0/rv32i/ilp32\libgcc.a(ledf2.o)
                              ./App/systick.o (__ltdf2)
d:/rv_gcc/rv_windows_bare_9.21_win32/rv_windows_2020_1_5/bin/../lib/gcc/riscv-nuclei-elf/9.2.0/rv32i/ilp32\libgcc.a(muldf3.o)
                              ./App/systick.o (__muldf3)
d:/rv_gcc/rv_windows_bare_9.21_win32/rv_windows_2020_1_5/bin/../lib/gcc/riscv-nuclei-elf/9.2.0/rv32i/ilp32\libgcc.a(floatunsidf.o)
                              ./App/systick.o (__floatunsidf)
d:/rv_gcc/rv_windows_bare_9.21_win32/rv_windows_2020_1_5/bin/../lib/gcc/riscv-nuclei-elf/9.2.0/rv32i/ilp32\libgcc.a(floatundidf.o)
                              ./App/systick.o (__floatundidf)
d:/rv_gcc/rv_windows_bare_9.21_win32/rv_windows_2020_1_5/bin/../lib/gcc/riscv-nuclei-elf/9.2.0/rv32i/ilp32\libgcc.a(muldi3.o)
                              ./RISCV/drivers/n200_func.o (__mulsi3)
d:/rv_gcc/rv_windows_bare_9.21_win32/rv_windows_2020_1_5/bin/../lib/gcc/riscv-nuclei-elf/9.2.0/rv32i/ilp32\libgcc.a(div.o)
                              ./Peripherals/system_gd32vf103.o (__divsi3)
d:/rv_gcc/rv_windows_bare_9.21_win32/rv_windows_2020_1_5/bin/../lib/gcc/riscv-nuclei-elf/9.2.0/rv32i/ilp32\libgcc.a(_lshrdi3.o)
                              d:/rv_gcc/rv_windows_bare_9.21_win32/rv_windows_2020_1_5/bin/../lib/gcc/riscv-nuclei-elf/9.2.0/rv32i/ilp32\libgcc.a(floatundidf.o) (__lshrdi3)
d:/rv_gcc/rv_windows_bare_9.21_win32/rv_windows_2020_1_5/bin/../lib/gcc/riscv-nuclei-elf/9.2.0/rv32i/ilp32\libgcc.a(_ashldi3.o)
                              d:/rv_gcc/rv_windows_bare_9.21_win32/rv_windows_2020_1_5/bin/../lib/gcc/riscv-nuclei-elf/9.2.0/rv32i/ilp32\libgcc.a(floatundidf.o) (__ashldi3)
d:/rv_gcc/rv_windows_bare_9.21_win32/rv_windows_2020_1_5/bin/../lib/gcc/riscv-nuclei-elf/9.2.0/rv32i/ilp32\libgcc.a(_clzsi2.o)
                              d:/rv_gcc/rv_windows_bare_9.21_win32/rv_windows_2020_1_5/bin/../lib/gcc/riscv-nuclei-elf/9.2.0/rv32i/ilp32\libgcc.a(divdf3.o) (__clzsi2)
d:/rv_gcc/rv_windows_bare_9.21_win32/rv_windows_2020_1_5/bin/../lib/gcc/riscv-nuclei-elf/9.2.0/rv32i/ilp32\libgcc.a(_clz.o)
                              d:/rv_gcc/rv_windows_bare_9.21_win32/rv_windows_2020_1_5/bin/../lib/gcc/riscv-nuclei-elf/9.2.0/rv32i/ilp32\libgcc.a(_clzsi2.o) (__clz_tab)
d:/rv_gcc/rv_windows_bare_9.21_win32/rv_windows_2020_1_5/bin/../lib/gcc/riscv-nuclei-elf/9.2.0/../../../../riscv-nuclei-elf/lib/rv32i/ilp32\libg_nano.a(lib_a-atexit.o)
                              ./RISCV/env_Eclipse/start.o (atexit)
d:/rv_gcc/rv_windows_bare_9.21_win32/rv_windows_2020_1_5/bin/../lib/gcc/riscv-nuclei-elf/9.2.0/../../../../riscv-nuclei-elf/lib/rv32i/ilp32\libg_nano.a(lib_a-exit.o)
                              ./RISCV/env_Eclipse/start.o (exit)
d:/rv_gcc/rv_windows_bare_9.21_win32/rv_windows_2020_1_5/bin/../lib/gcc/riscv-nuclei-elf/9.2.0/../../../../riscv-nuclei-elf/lib/rv32i/ilp32\libg_nano.a(lib_a-fini.o)
                              ./RISCV/env_Eclipse/start.o (__libc_fini_array)
d:/rv_gcc/rv_windows_bare_9.21_win32/rv_windows_2020_1_5/bin/../lib/gcc/riscv-nuclei-elf/9.2.0/../../../../riscv-nuclei-elf/lib/rv32i/ilp32\libg_nano.a(lib_a-impure.o)
                              d:/rv_gcc/rv_windows_bare_9.21_win32/rv_windows_2020_1_5/bin/../lib/gcc/riscv-nuclei-elf/9.2.0/../../../../riscv-nuclei-elf/lib/rv32i/ilp32\libg_nano.a(lib_a-exit.o) (_global_impure_ptr)
d:/rv_gcc/rv_windows_bare_9.21_win32/rv_windows_2020_1_5/bin/../lib/gcc/riscv-nuclei-elf/9.2.0/../../../../riscv-nuclei-elf/lib/rv32i/ilp32\libg_nano.a(lib_a-init.o)
                              ./RISCV/env_Eclipse/start.o (__libc_init_array)
d:/rv_gcc/rv_windows_bare_9.21_win32/rv_windows_2020_1_5/bin/../lib/gcc/riscv-nuclei-elf/9.2.0/../../../../riscv-nuclei-elf/lib/rv32i/ilp32\libg_nano.a(lib_a-memcpy.o)
                              ./RISCV/stubs/_exit.o (memcpy)
d:/rv_gcc/rv_windows_bare_9.21_win32/rv_windows_2020_1_5/bin/../lib/gcc/riscv-nuclei-elf/9.2.0/../../../../riscv-nuclei-elf/lib/rv32i/ilp32\libg_nano.a(lib_a-strlen.o)
                              ./RISCV/stubs/write.o (strlen)
d:/rv_gcc/rv_windows_bare_9.21_win32/rv_windows_2020_1_5/bin/../lib/gcc/riscv-nuclei-elf/9.2.0/../../../../riscv-nuclei-elf/lib/rv32i/ilp32\libg_nano.a(lib_a-sysisatty.o)
                              ./RISCV/stubs/fstat.o (isatty)
d:/rv_gcc/rv_windows_bare_9.21_win32/rv_windows_2020_1_5/bin/../lib/gcc/riscv-nuclei-elf/9.2.0/../../../../riscv-nuclei-elf/lib/rv32i/ilp32\libg_nano.a(lib_a-syswrite.o)
                              ./RISCV/stubs/write_hex.o (write)
[...]
Memory Configuration

Name             Origin             Length             Attributes
flash            0x0000000008000000 0x0000000000020000 axrl !w
ram              0x0000000020000000 0x0000000000008000 axw !rl
*default*        0x0000000000000000 0xffffffffffffffff

Linker script and memory map

LOAD ./RISCV/drivers/n200_func.o
LOAD ./RISCV/stubs/close.o
LOAD ./RISCV/stubs/fstat.o
LOAD ./RISCV/stubs/isatty.o
LOAD ./RISCV/stubs/lseek.o
LOAD ./RISCV/stubs/read.o
LOAD ./RISCV/stubs/sbrk.o
LOAD ./RISCV/stubs/write.o
LOAD ./RISCV/stubs/write_hex.o
LOAD ./RISCV/stubs/_exit.o
LOAD ./RISCV/env_Eclipse/entry.o
LOAD ./RISCV/env_Eclipse/handlers.o
LOAD ./RISCV/env_Eclipse/init.o
LOAD ./RISCV/env_Eclipse/start.o
LOAD ./RISCV/env_Eclipse/your_printf.o
LOAD ./Peripherals/system_gd32vf103.o
LOAD ./Peripherals/Source/gd32vf103_adc.o
LOAD ./Peripherals/Source/gd32vf103_bkp.o
LOAD ./Peripherals/Source/gd32vf103_can.o
LOAD ./Peripherals/Source/gd32vf103_crc.o
LOAD ./Peripherals/Source/gd32vf103_dac.o
LOAD ./Peripherals/Source/gd32vf103_dbg.o
LOAD ./Peripherals/Source/gd32vf103_dma.o
LOAD ./Peripherals/Source/gd32vf103_eclic.o
LOAD ./Peripherals/Source/gd32vf103_exmc.o
LOAD ./Peripherals/Source/gd32vf103_exti.o
LOAD ./Peripherals/Source/gd32vf103_fmc.o
LOAD ./Peripherals/Source/gd32vf103_fwdgt.o
LOAD ./Peripherals/Source/gd32vf103_gpio.o
LOAD ./Peripherals/Source/gd32vf103_i2c.o
LOAD ./Peripherals/Source/gd32vf103_pmu.o
LOAD ./Peripherals/Source/gd32vf103_rcu.o
LOAD ./Peripherals/Source/gd32vf103_rtc.o
LOAD ./Peripherals/Source/gd32vf103_spi.o
LOAD ./Peripherals/Source/gd32vf103_timer.o
LOAD ./Peripherals/Source/gd32vf103_usart.o
LOAD ./Peripherals/Source/gd32vf103_wwdgt.o
LOAD ./App/main.o
LOAD ./App/systick.o
LOAD d:/rv_gcc/rv_windows_bare_9.21_win32/rv_windows_2020_1_5/bin/../lib/gcc/riscv-nuclei-elf/9.2.0/../../../../riscv-nuclei-elf/lib/rv32i/ilp32\libstdc++.a
LOAD d:/rv_gcc/rv_windows_bare_9.21_win32/rv_windows_2020_1_5/bin/../lib/gcc/riscv-nuclei-elf/9.2.0/../../../../riscv-nuclei-elf/lib/rv32i/ilp32\libm.a
LOAD d:/rv_gcc/rv_windows_bare_9.21_win32/rv_windows_2020_1_5/bin/../lib/gcc/riscv-nuclei-elf/9.2.0/rv32i/ilp32\libgcc.a
LOAD d:/rv_gcc/rv_windows_bare_9.21_win32/rv_windows_2020_1_5/bin/../lib/gcc/riscv-nuclei-elf/9.2.0/../../../../riscv-nuclei-elf/lib/rv32i/ilp32\libg_nano.a
LOAD d:/rv_gcc/rv_windows_bare_9.21_win32/rv_windows_2020_1_5/bin/../lib/gcc/riscv-nuclei-elf/9.2.0/../../../../riscv-nuclei-elf/lib/rv32i/ilp32\libc_nano.a
LOAD d:/rv_gcc/rv_windows_bare_9.21_win32/rv_windows_2020_1_5/bin/../lib/gcc/riscv-nuclei-elf/9.2.0/rv32i/ilp32\libgcc.a
START GROUP
LOAD d:/rv_gcc/rv_windows_bare_9.21_win32/rv_windows_2020_1_5/bin/../lib/gcc/riscv-nuclei-elf/9.2.0/rv32i/ilp32\libgcc.a
LOAD d:/rv_gcc/rv_windows_bare_9.21_win32/rv_windows_2020_1_5/bin/../lib/gcc/riscv-nuclei-elf/9.2.0/../../../../riscv-nuclei-elf/lib/rv32i/ilp32\libc_nano.a
LOAD d:/rv_gcc/rv_windows_bare_9.21_win32/rv_windows_2020_1_5/bin/../lib/gcc/riscv-nuclei-elf/9.2.0/../../../../riscv-nuclei-elf/lib/rv32i/ilp32\libgloss_nano.a
END GROUP
                0x0000000000000800                __stack_size = DEFINED (__stack_size)?__stack_size:0x800

.init           0x0000000008000000      0x250
 *(SORT_NONE(.init))
 .init          0x0000000008000000      0x250 ./RISCV/env_Eclipse/start.o
                0x000000000800015c                _start
                0x0000000008000240                disable_mcycle_minstret
                0x0000000008000248                enable_mcycle_minstret

.ilalign        0x0000000008000250        0x0
                0x0000000008000250                . = ALIGN (0x4)
                [!provide]                        PROVIDE (_ilm_lma = .)

.ialign         0x0000000008000250        0x0
                [!provide]                        PROVIDE (_ilm = .)

.text           0x0000000008000280      0xb3c
 *(.rodata .rodata.*)
 .rodata.write_hex.str1.4
                0x0000000008000280        0x3 ./RISCV/stubs/write_hex.o
 *fill*         0x0000000008000283        0x1 
 .rodata._exit.str1.4
                0x0000000008000284       0x1f ./RISCV/stubs/_exit.o
                                         0x23 (size before relaxing)
 *fill*         0x00000000080002a3        0x1 
 .rodata.handle_nmi.str1.4
                0x00000000080002a4        0x5 ./RISCV/env_Eclipse/handlers.o
 *fill*         0x00000000080002a9        0x3 
 .rodata.handle_trap.str1.4
                0x00000000080002ac        0x8 ./RISCV/env_Eclipse/handlers.o
                                          0x6 (size before relaxing)
 *(.text.unlikely .text.unlikely.*)
 *(.text.startup .text.startup.*)
 .text.startup.main
                0x00000000080002b4        0x8 ./App/main.o
                0x00000000080002b4                main
 *(.text .text.*)
 .text.eclic_init
                0x00000000080002bc       0x30 ./RISCV/drivers/n200_func.o
                0x00000000080002bc                eclic_init
 .text.eclic_mode_enable
                0x00000000080002ec       0x14 ./RISCV/drivers/n200_func.o
                0x00000000080002ec                eclic_mode_enable
 .text._put_char
                0x0000000008000300       0x50 ./RISCV/stubs/write.o
                0x0000000008000300                _put_char
 .text._write   0x0000000008000350       0x6c ./RISCV/stubs/write.o
                0x0000000008000350                _write
 .text.write_hex
                0x00000000080003bc       0xb0 ./RISCV/stubs/write_hex.o
                0x00000000080003bc                write_hex
 .text._exit    0x000000000800046c       0x58 ./RISCV/stubs/_exit.o
                0x000000000800046c                _exit
 *fill*         0x00000000080004c4       0x3c 
 .text.trap     0x0000000008000500      0x100 ./RISCV/env_Eclipse/entry.o
                0x0000000008000500                trap_entry
 .text.irq      0x0000000008000600       0xc0 ./RISCV/env_Eclipse/entry.o
                0x0000000008000600                irq_entry
 .text.handle_nmi
                0x00000000080006c0       0x24 ./RISCV/env_Eclipse/handlers.o
                0x00000000080006c0                handle_nmi
 .text.handle_trap
                0x00000000080006e4       0x3c ./RISCV/env_Eclipse/handlers.o
                0x00000000080006e4                handle_trap
 .text._init    0x0000000008000720       0x24 ./RISCV/env_Eclipse/init.o
                0x0000000008000720                _init
 .text._fini    0x0000000008000744        0x4 ./RISCV/env_Eclipse/init.o
                0x0000000008000744                _fini
 .text.SystemInit
                0x0000000008000748      0x1b0 ./Peripherals/system_gd32vf103.o
                0x0000000008000748                SystemInit
 .text.usart_data_transmit
                0x00000000080008f8        0xc ./Peripherals/Source/gd32vf103_usart.o
                0x00000000080008f8                usart_data_transmit
 .text.usart_flag_get
                0x0000000008000904       0x1c ./Peripherals/Source/gd32vf103_usart.o
                0x0000000008000904                usart_flag_get
 .text.atexit   0x0000000008000920       0x14 d:/rv_gcc/rv_windows_bare_9.21_win32/rv_windows_2020_1_5/bin/../lib/gcc/riscv-nuclei-elf/9.2.0/../../../../riscv-nuclei-elf/lib/rv32i/ilp32\libg_nano.a(lib_a-atexit.o)
                0x0000000008000920                atexit
 .text.exit     0x0000000008000934       0x40 d:/rv_gcc/rv_windows_bare_9.21_win32/rv_windows_2020_1_5/bin/../lib/gcc/riscv-nuclei-elf/9.2.0/../../../../riscv-nuclei-elf/lib/rv32i/ilp32\libg_nano.a(lib_a-exit.o)
                0x0000000008000934                exit
 .text.__libc_fini_array
                0x0000000008000974       0x5c d:/rv_gcc/rv_windows_bare_9.21_win32/rv_windows_2020_1_5/bin/../lib/gcc/riscv-nuclei-elf/9.2.0/../../../../riscv-nuclei-elf/lib/rv32i/ilp32\libg_nano.a(lib_a-fini.o)
                0x0000000008000974                __libc_fini_array
 .text.__libc_init_array
                0x00000000080009d0       0xa8 d:/rv_gcc/rv_windows_bare_9.21_win32/rv_windows_2020_1_5/bin/../lib/gcc/riscv-nuclei-elf/9.2.0/../../../../riscv-nuclei-elf/lib/rv32i/ilp32\libg_nano.a(lib_a-init.o)
                0x00000000080009d0                __libc_init_array
 .text.memcpy   0x0000000008000a78      0x104 d:/rv_gcc/rv_windows_bare_9.21_win32/rv_windows_2020_1_5/bin/../lib/gcc/riscv-nuclei-elf/9.2.0/../../../../riscv-nuclei-elf/lib/rv32i/ilp32\libg_nano.a(lib_a-memcpy.o)
                0x0000000008000a78                memcpy
 .text.write    0x0000000008000b7c       0x18 d:/rv_gcc/rv_windows_bare_9.21_win32/rv_windows_2020_1_5/bin/../lib/gcc/riscv-nuclei-elf/9.2.0/../../../../riscv-nuclei-elf/lib/rv32i/ilp32\libg_nano.a(lib_a-syswrite.o)
                0x0000000008000b7c                write
 .text._write_r
                0x0000000008000b94       0x48 d:/rv_gcc/rv_windows_bare_9.21_win32/rv_windows_2020_1_5/bin/../lib/gcc/riscv-nuclei-elf/9.2.0/../../../../riscv-nuclei-elf/lib/rv32i/ilp32\libg_nano.a(lib_a-writer.o)
                0x0000000008000b94                _write_r
 .text.__register_exitproc
                0x0000000008000bdc       0xac d:/rv_gcc/rv_windows_bare_9.21_win32/rv_windows_2020_1_5/bin/../lib/gcc/riscv-nuclei-elf/9.2.0/../../../../riscv-nuclei-elf/lib/rv32i/ilp32\libg_nano.a(lib_a-__atexit.o)
                0x0000000008000bdc                __register_exitproc
 .text.__call_exitprocs
                0x0000000008000c88      0x134 d:/rv_gcc/rv_windows_bare_9.21_win32/rv_windows_2020_1_5/bin/../lib/gcc/riscv-nuclei-elf/9.2.0/../../../../riscv-nuclei-elf/lib/rv32i/ilp32\libg_nano.a(lib_a-__call_atexit.o)
                0x0000000008000c88                __call_exitprocs
 *(.gnu.linkonce.t.*)

.sdata2._global_impure_ptr
                0x0000000008000dbc        0x4
 .sdata2._global_impure_ptr
                0x0000000008000dbc        0x4 d:/rv_gcc/rv_windows_bare_9.21_win32/rv_windows_2020_1_5/bin/../lib/gcc/riscv-nuclei-elf/9.2.0/../../../../riscv-nuclei-elf/lib/rv32i/ilp32\libg_nano.a(lib_a-impure.o)
                0x0000000008000dbc                _global_impure_ptr

.rela.dyn       0x0000000008000dc0        0x0
 .rela.text._write
                0x0000000008000dc0        0x0 ./RISCV/drivers/n200_func.o
 .rela.text.trap
                0x0000000008000dc0        0x0 ./RISCV/drivers/n200_func.o
 .rela.text.handle_trap
                0x0000000008000dc0        0x0 ./RISCV/drivers/n200_func.o
 .rela.init     0x0000000008000dc0        0x0 ./RISCV/drivers/n200_func.o
 .rela.text.__libc_fini_array
                0x0000000008000dc0        0x0 ./RISCV/drivers/n200_func.o
 .rela.data.impure_data
                0x0000000008000dc0        0x0 ./RISCV/drivers/n200_func.o
 .rela.text.__libc_init_array
                0x0000000008000dc0        0x0 ./RISCV/drivers/n200_func.o
 .rela.text._write_r
                0x0000000008000dc0        0x0 ./RISCV/drivers/n200_func.o
 .rela.text.__register_exitproc
                0x0000000008000dc0        0x0 ./RISCV/drivers/n200_func.o

.fini
 *(SORT_NONE(.fini))
                0x0000000008000dc0                . = ALIGN (0x4)
                [!provide]                        PROVIDE (__etext = .)
                [!provide]                        PROVIDE (_etext = .)
                [!provide]                        PROVIDE (etext = .)
                [!provide]                        PROVIDE (_eilm = .)

.preinit_array  0x0000000008000dc0        0x0
                0x0000000008000dc0                PROVIDE (__preinit_array_start = .)
 *(.preinit_array)
                0x0000000008000dc0                PROVIDE (__preinit_array_end = .)

.init_array     0x0000000008000dc0        0x0
                0x0000000008000dc0                PROVIDE (__init_array_start = .)
 *(SORT_BY_INIT_PRIORITY(.init_array.*) SORT_BY_INIT_PRIORITY(.ctors.*))
 *(.init_array EXCLUDE_FILE(*crtend?.o *crtend.o *crtbegin?.o *crtbegin.o) .ctors)
                0x0000000008000dc0                PROVIDE (__init_array_end = .)

.fini_array     0x0000000008000dc0        0x0
                0x0000000008000dc0                PROVIDE (__fini_array_start = .)
 *(SORT_BY_INIT_PRIORITY(.fini_array.*) SORT_BY_INIT_PRIORITY(.dtors.*))
 *(.fini_array EXCLUDE_FILE(*crtend?.o *crtend.o *crtbegin?.o *crtbegin.o) .dtors)
                0x0000000008000dc0                PROVIDE (__fini_array_end = .)

.ctors
 *crtbegin.o(.ctors)
 *crtbegin?.o(.ctors)
 *(EXCLUDE_FILE(*crtend?.o *crtend.o) .ctors)
 *(SORT_BY_NAME(.ctors.*))
 *(.ctors)

.dtors
 *crtbegin.o(.dtors)
 *crtbegin?.o(.dtors)
 *(EXCLUDE_FILE(*crtend?.o *crtend.o) .dtors)
 *(SORT_BY_NAME(.dtors.*))
 *(.dtors)
                0x0000000008000dc0                . = ALIGN (0x4)
                [!provide]                        PROVIDE (_eilm = .)

.lalign         0x0000000008000dc0        0x0
                0x0000000008000dc0                . = ALIGN (0x4)
                0x0000000008000dc0                PROVIDE (_data_lma = .)

.dalign         0x0000000020000000        0x0 load address 0x0000000008000dc0
                0x0000000020000000                . = ALIGN (0x4)
                0x0000000020000000                PROVIDE (_data = .)

.data           0x0000000020000000       0x68 load address 0x0000000008000dc0
 *(.rdata)
 *(.gnu.linkonce.r.*)
 *(.data .data.*)
 .data.impure_data
                0x0000000020000000       0x60 d:/rv_gcc/rv_windows_bare_9.21_win32/rv_windows_2020_1_5/bin/../lib/gcc/riscv-nuclei-elf/9.2.0/../../../../riscv-nuclei-elf/lib/rv32i/ilp32\libg_nano.a(lib_a-impure.o)
 *(.gnu.linkonce.d.*)
                0x0000000020000060                . = ALIGN (0x8)
                0x0000000020000860                PROVIDE (__global_pointer$ = (. + 0x800))
 *(.sdata .sdata.*)
 .sdata._impure_ptr
                0x0000000020000060        0x4 d:/rv_gcc/rv_windows_bare_9.21_win32/rv_windows_2020_1_5/bin/../lib/gcc/riscv-nuclei-elf/9.2.0/../../../../riscv-nuclei-elf/lib/rv32i/ilp32\libg_nano.a(lib_a-impure.o)
                0x0000000020000060                _impure_ptr
 *(.gnu.linkonce.s.*)
                0x0000000020000068                . = ALIGN (0x8)
 *fill*         0x0000000020000064        0x4 
 *(.srodata.cst16)
 *(.srodata.cst8)
 *(.srodata.cst4)
 *(.srodata.cst2)
 *(.srodata .srodata.*)
                0x0000000020000068                . = ALIGN (0x4)
                0x0000000020000068                PROVIDE (_edata = .)
                [!provide]                        PROVIDE (edata = .)
                [!provide]                        PROVIDE (_fbss = .)
                0x0000000020000068                PROVIDE (__bss_start = .)

.bss            0x0000000020000068       0x94
 *(.sbss*)
 .sbss._global_atexit
                0x0000000020000068        0x4 d:/rv_gcc/rv_windows_bare_9.21_win32/rv_windows_2020_1_5/bin/../lib/gcc/riscv-nuclei-elf/9.2.0/../../../../riscv-nuclei-elf/lib/rv32i/ilp32\libg_nano.a(lib_a-__call_atexit.o)
                0x0000000020000068                _global_atexit
 *(.gnu.linkonce.sb.*)
 *(.bss .bss.*)
 .bss._global_atexit0
                0x000000002000006c       0x8c d:/rv_gcc/rv_windows_bare_9.21_win32/rv_windows_2020_1_5/bin/../lib/gcc/riscv-nuclei-elf/9.2.0/../../../../riscv-nuclei-elf/lib/rv32i/ilp32\libg_nano.a(lib_a-__atexit.o)
 *(.gnu.linkonce.b.*)
 *(COMMON)
 COMMON         0x00000000200000f8        0x4 d:/rv_gcc/rv_windows_bare_9.21_win32/rv_windows_2020_1_5/bin/../lib/gcc/riscv-nuclei-elf/9.2.0/../../../../riscv-nuclei-elf/lib/rv32i/ilp32\libg_nano.a(lib_a-reent.o)
                0x00000000200000f8                errno
                0x00000000200000fc                . = ALIGN (0x4)
                0x0000000020000100                . = ALIGN (0x8)
                0x0000000020000100                PROVIDE (_end = .)
                [!provide]                        PROVIDE (end = .)

.stack          0x0000000020007800      0x800 load address 0x00000000200000fc
                0x0000000020007800                PROVIDE (_heap_end = .)
                0x0000000000000800                . = __stack_size
 *fill*         0x0000000020007800      0x800 
                0x0000000020008000                PROVIDE (_sp = .)
OUTPUT(t.elf elf32-littleriscv)

.debug_info     0x0000000000000000     0x5420
 .debug_info    0x0000000000000000     0x171d ./RISCV/drivers/n200_func.o
 .debug_info    0x000000000000171d      0xbc5 ./RISCV/stubs/write.o
 .debug_info    0x00000000000022e2      0x1a4 ./RISCV/stubs/write_hex.o
 .debug_info    0x0000000000002486      0x1b7 ./RISCV/stubs/_exit.o
 .debug_info    0x000000000000263d       0x22 ./RISCV/env_Eclipse/entry.o
 .debug_info    0x000000000000265f      0xa53 ./RISCV/env_Eclipse/handlers.o
 .debug_info    0x00000000000030b2      0xbaf ./RISCV/env_Eclipse/init.o
 .debug_info    0x0000000000003c61       0x26 ./RISCV/env_Eclipse/start.o
 .debug_info    0x0000000000003c87      0x1e9 ./Peripherals/system_gd32vf103.o
 .debug_info    0x0000000000003e70      0xc09 ./Peripherals/Source/gd32vf103_usart.o
 .debug_info    0x0000000000004a79      0x9a7 ./App/main.o

.debug_abbrev   0x0000000000000000     0x13b3
 .debug_abbrev  0x0000000000000000      0x535 ./RISCV/drivers/n200_func.o
 .debug_abbrev  0x0000000000000535      0x2b9 ./RISCV/stubs/write.o
 .debug_abbrev  0x00000000000007ee       0xf7 ./RISCV/stubs/write_hex.o
 .debug_abbrev  0x00000000000008e5       0xe8 ./RISCV/stubs/_exit.o
 .debug_abbrev  0x00000000000009cd       0x12 ./RISCV/env_Eclipse/entry.o
 .debug_abbrev  0x00000000000009df      0x253 ./RISCV/env_Eclipse/handlers.o
 .debug_abbrev  0x0000000000000c32      0x24a ./RISCV/env_Eclipse/init.o
 .debug_abbrev  0x0000000000000e7c       0x14 ./RISCV/env_Eclipse/start.o
 .debug_abbrev  0x0000000000000e90       0xf1 ./Peripherals/system_gd32vf103.o
 .debug_abbrev  0x0000000000000f81      0x1f1 ./Peripherals/Source/gd32vf103_usart.o
 .debug_abbrev  0x0000000000001172      0x241 ./App/main.o

.debug_loc      0x0000000000000000     0x1294
 .debug_loc     0x0000000000000000      0x948 ./RISCV/drivers/n200_func.o
 .debug_loc     0x0000000000000948      0x150 ./RISCV/stubs/write.o
 .debug_loc     0x0000000000000a98       0xc9 ./RISCV/stubs/write_hex.o
 .debug_loc     0x0000000000000b61       0x1e ./RISCV/stubs/_exit.o
 .debug_loc     0x0000000000000b7f       0x3f ./RISCV/env_Eclipse/handlers.o
 .debug_loc     0x0000000000000bbe      0x1b2 ./Peripherals/system_gd32vf103.o
 .debug_loc     0x0000000000000d70      0x524 ./Peripherals/Source/gd32vf103_usart.o

.debug_aranges  0x0000000000000000      0x408
 .debug_aranges
                0x0000000000000000      0x140 ./RISCV/drivers/n200_func.o
 .debug_aranges
                0x0000000000000140       0x30 ./RISCV/stubs/write.o
 .debug_aranges
                0x0000000000000170       0x20 ./RISCV/stubs/write_hex.o
 .debug_aranges
                0x0000000000000190       0x20 ./RISCV/stubs/_exit.o
 .debug_aranges
                0x00000000000001b0       0x28 ./RISCV/env_Eclipse/entry.o
 .debug_aranges
                0x00000000000001d8       0x28 ./RISCV/env_Eclipse/handlers.o
 .debug_aranges
                0x0000000000000200       0x28 ./RISCV/env_Eclipse/init.o
 .debug_aranges
                0x0000000000000228       0x20 ./RISCV/env_Eclipse/start.o
 .debug_aranges
                0x0000000000000248       0x28 ./Peripherals/system_gd32vf103.o
 .debug_aranges
                0x0000000000000270      0x170 ./Peripherals/Source/gd32vf103_usart.o
 .debug_aranges
                0x00000000000003e0       0x28 ./App/main.o

.debug_ranges   0x0000000000000000      0x4a8
 .debug_ranges  0x0000000000000000      0x248 ./RISCV/drivers/n200_func.o
 .debug_ranges  0x0000000000000248       0x40 ./RISCV/stubs/write.o
 .debug_ranges  0x0000000000000288       0x30 ./RISCV/stubs/write_hex.o
 .debug_ranges  0x00000000000002b8       0x10 ./RISCV/stubs/_exit.o
 .debug_ranges  0x00000000000002c8       0x20 ./RISCV/env_Eclipse/entry.o
 .debug_ranges  0x00000000000002e8       0x18 ./RISCV/env_Eclipse/handlers.o
 .debug_ranges  0x0000000000000300       0x18 ./RISCV/env_Eclipse/init.o
 .debug_ranges  0x0000000000000318       0x18 ./Peripherals/system_gd32vf103.o
 .debug_ranges  0x0000000000000330      0x160 ./Peripherals/Source/gd32vf103_usart.o
 .debug_ranges  0x0000000000000490       0x18 ./App/main.o

.debug_line     0x0000000000000000     0x38b6
 .debug_line    0x0000000000000000     0x12e6 ./RISCV/drivers/n200_func.o
 .debug_line    0x00000000000012e6      0x447 ./RISCV/stubs/write.o
 .debug_line    0x000000000000172d      0x249 ./RISCV/stubs/write_hex.o
 .debug_line    0x0000000000001976      0x141 ./RISCV/stubs/_exit.o
 .debug_line    0x0000000000001ab7       0xd7 ./RISCV/env_Eclipse/entry.o
 .debug_line    0x0000000000001b8e      0x24c ./RISCV/env_Eclipse/handlers.o
 .debug_line    0x0000000000001dda      0x28f ./RISCV/env_Eclipse/init.o
 .debug_line    0x0000000000002069      0x175 ./RISCV/env_Eclipse/start.o
 .debug_line    0x00000000000021de      0x6db ./Peripherals/system_gd32vf103.o
 .debug_line    0x00000000000028b9      0xdde ./Peripherals/Source/gd32vf103_usart.o
 .debug_line    0x0000000000003697      0x21f ./App/main.o

.debug_str      0x0000000000000000     0x1693
 .debug_str     0x0000000000000000      0x8d9 ./RISCV/drivers/n200_func.o
                                        0x991 (size before relaxing)
 .debug_str     0x00000000000008d9      0x11b ./RISCV/stubs/write.o
                                        0x6ea (size before relaxing)
 .debug_str     0x00000000000009f4       0x33 ./RISCV/stubs/write_hex.o
                                        0x1ed (size before relaxing)
 .debug_str     0x0000000000000a27       0x3b ./RISCV/stubs/_exit.o
                                        0x1f4 (size before relaxing)
 .debug_str     0x0000000000000a62       0x29 ./RISCV/env_Eclipse/entry.o
                                         0x4b (size before relaxing)
 .debug_str     0x0000000000000a8b       0x4a ./RISCV/env_Eclipse/handlers.o
                                        0x5ea (size before relaxing)
 .debug_str     0x0000000000000ad5      0x3e4 ./RISCV/env_Eclipse/init.o
                                        0x9ba (size before relaxing)
 .debug_str     0x0000000000000eb9       0x1d ./RISCV/env_Eclipse/start.o
                                         0x4b (size before relaxing)
 .debug_str     0x0000000000000ed6       0xb9 ./Peripherals/system_gd32vf103.o
                                        0x273 (size before relaxing)
 .debug_str     0x0000000000000f8f      0x6d5 ./Peripherals/Source/gd32vf103_usart.o
                                        0x961 (size before relaxing)
 .debug_str     0x0000000000001664       0x2f ./App/main.o
                                        0x5b0 (size before relaxing)

.comment        0x0000000000000000       0x11
 .comment       0x0000000000000000       0x11 ./RISCV/drivers/n200_func.o
                                         0x12 (size before relaxing)
 .comment       0x0000000000000011       0x12 ./RISCV/stubs/write.o
 .comment       0x0000000000000011       0x12 ./RISCV/stubs/write_hex.o
 .comment       0x0000000000000011       0x12 ./RISCV/stubs/_exit.o
 .comment       0x0000000000000011       0x12 ./RISCV/env_Eclipse/handlers.o
 .comment       0x0000000000000011       0x12 ./RISCV/env_Eclipse/init.o
 .comment       0x0000000000000011       0x12 ./Peripherals/system_gd32vf103.o
 .comment       0x0000000000000011       0x12 ./Peripherals/Source/gd32vf103_usart.o
 .comment       0x0000000000000011       0x12 ./App/main.o
 .comment       0x0000000000000011       0x12 d:/rv_gcc/rv_windows_bare_9.21_win32/rv_windows_2020_1_5/bin/../lib/gcc/riscv-nuclei-elf/9.2.0/../../../../riscv-nuclei-elf/lib/rv32i/ilp32\libg_nano.a(lib_a-atexit.o)
 .comment       0x0000000000000011       0x12 d:/rv_gcc/rv_windows_bare_9.21_win32/rv_windows_2020_1_5/bin/../lib/gcc/riscv-nuclei-elf/9.2.0/../../../../riscv-nuclei-elf/lib/rv32i/ilp32\libg_nano.a(lib_a-exit.o)
 .comment       0x0000000000000011       0x12 d:/rv_gcc/rv_windows_bare_9.21_win32/rv_windows_2020_1_5/bin/../lib/gcc/riscv-nuclei-elf/9.2.0/../../../../riscv-nuclei-elf/lib/rv32i/ilp32\libg_nano.a(lib_a-fini.o)
 .comment       0x0000000000000011       0x12 d:/rv_gcc/rv_windows_bare_9.21_win32/rv_windows_2020_1_5/bin/../lib/gcc/riscv-nuclei-elf/9.2.0/../../../../riscv-nuclei-elf/lib/rv32i/ilp32\libg_nano.a(lib_a-impure.o)
 .comment       0x0000000000000011       0x12 d:/rv_gcc/rv_windows_bare_9.21_win32/rv_windows_2020_1_5/bin/../lib/gcc/riscv-nuclei-elf/9.2.0/../../../../riscv-nuclei-elf/lib/rv32i/ilp32\libg_nano.a(lib_a-init.o)
 .comment       0x0000000000000011       0x12 d:/rv_gcc/rv_windows_bare_9.21_win32/rv_windows_2020_1_5/bin/../lib/gcc/riscv-nuclei-elf/9.2.0/../../../../riscv-nuclei-elf/lib/rv32i/ilp32\libg_nano.a(lib_a-memcpy.o)
 .comment       0x0000000000000011       0x12 d:/rv_gcc/rv_windows_bare_9.21_win32/rv_windows_2020_1_5/bin/../lib/gcc/riscv-nuclei-elf/9.2.0/../../../../riscv-nuclei-elf/lib/rv32i/ilp32\libg_nano.a(lib_a-syswrite.o)
 .comment       0x0000000000000011       0x12 d:/rv_gcc/rv_windows_bare_9.21_win32/rv_windows_2020_1_5/bin/../lib/gcc/riscv-nuclei-elf/9.2.0/../../../../riscv-nuclei-elf/lib/rv32i/ilp32\libg_nano.a(lib_a-writer.o)
 .comment       0x0000000000000011       0x12 d:/rv_gcc/rv_windows_bare_9.21_win32/rv_windows_2020_1_5/bin/../lib/gcc/riscv-nuclei-elf/9.2.0/../../../../riscv-nuclei-elf/lib/rv32i/ilp32\libg_nano.a(lib_a-__atexit.o)
 .comment       0x0000000000000011       0x12 d:/rv_gcc/rv_windows_bare_9.21_win32/rv_windows_2020_1_5/bin/../lib/gcc/riscv-nuclei-elf/9.2.0/../../../../riscv-nuclei-elf/lib/rv32i/ilp32\libg_nano.a(lib_a-__call_atexit.o)
 .comment       0x0000000000000011       0x12 d:/rv_gcc/rv_windows_bare_9.21_win32/rv_windows_2020_1_5/bin/../lib/gcc/riscv-nuclei-elf/9.2.0/../../../../riscv-nuclei-elf/lib/rv32i/ilp32\libg_nano.a(lib_a-reent.o)

.riscv.attributes
                0x0000000000000000       0x1c
 .riscv.attributes
                0x0000000000000000       0x1c ./RISCV/drivers/n200_func.o
 .riscv.attributes
                0x000000000000001c       0x1c ./RISCV/stubs/write.o
 .riscv.attributes
                0x0000000000000038       0x1c ./RISCV/stubs/write_hex.o
 .riscv.attributes
                0x0000000000000054       0x1c ./RISCV/stubs/_exit.o
 .riscv.attributes
                0x0000000000000070       0x1a ./RISCV/env_Eclipse/entry.o
 .riscv.attributes
                0x000000000000008a       0x1c ./RISCV/env_Eclipse/handlers.o
 .riscv.attributes
                0x00000000000000a6       0x1c ./RISCV/env_Eclipse/init.o
 .riscv.attributes
                0x00000000000000c2       0x1a ./RISCV/env_Eclipse/start.o
 .riscv.attributes
                0x00000000000000dc       0x1c ./Peripherals/system_gd32vf103.o
 .riscv.attributes
                0x00000000000000f8       0x1c ./Peripherals/Source/gd32vf103_usart.o
 .riscv.attributes
                0x0000000000000114       0x1c ./App/main.o
 .riscv.attributes
                0x0000000000000130       0x1c d:/rv_gcc/rv_windows_bare_9.21_win32/rv_windows_2020_1_5/bin/../lib/gcc/riscv-nuclei-elf/9.2.0/../../../../riscv-nuclei-elf/lib/rv32i/ilp32\libg_nano.a(lib_a-atexit.o)
 .riscv.attributes
                0x000000000000014c       0x1c d:/rv_gcc/rv_windows_bare_9.21_win32/rv_windows_2020_1_5/bin/../lib/gcc/riscv-nuclei-elf/9.2.0/../../../../riscv-nuclei-elf/lib/rv32i/ilp32\libg_nano.a(lib_a-exit.o)
 .riscv.attributes
                0x0000000000000168       0x1c d:/rv_gcc/rv_windows_bare_9.21_win32/rv_windows_2020_1_5/bin/../lib/gcc/riscv-nuclei-elf/9.2.0/../../../../riscv-nuclei-elf/lib/rv32i/ilp32\libg_nano.a(lib_a-fini.o)
 .riscv.attributes
                0x0000000000000184       0x1c d:/rv_gcc/rv_windows_bare_9.21_win32/rv_windows_2020_1_5/bin/../lib/gcc/riscv-nuclei-elf/9.2.0/../../../../riscv-nuclei-elf/lib/rv32i/ilp32\libg_nano.a(lib_a-impure.o)
 .riscv.attributes
                0x00000000000001a0       0x1c d:/rv_gcc/rv_windows_bare_9.21_win32/rv_windows_2020_1_5/bin/../lib/gcc/riscv-nuclei-elf/9.2.0/../../../../riscv-nuclei-elf/lib/rv32i/ilp32\libg_nano.a(lib_a-init.o)
 .riscv.attributes
                0x00000000000001bc       0x1c d:/rv_gcc/rv_windows_bare_9.21_win32/rv_windows_2020_1_5/bin/../lib/gcc/riscv-nuclei-elf/9.2.0/../../../../riscv-nuclei-elf/lib/rv32i/ilp32\libg_nano.a(lib_a-memcpy.o)
 .riscv.attributes
                0x00000000000001d8       0x1c d:/rv_gcc/rv_windows_bare_9.21_win32/rv_windows_2020_1_5/bin/../lib/gcc/riscv-nuclei-elf/9.2.0/../../../../riscv-nuclei-elf/lib/rv32i/ilp32\libg_nano.a(lib_a-syswrite.o)
 .riscv.attributes
                0x00000000000001f4       0x1c d:/rv_gcc/rv_windows_bare_9.21_win32/rv_windows_2020_1_5/bin/../lib/gcc/riscv-nuclei-elf/9.2.0/../../../../riscv-nuclei-elf/lib/rv32i/ilp32\libg_nano.a(lib_a-writer.o)
 .riscv.attributes
                0x0000000000000210       0x1c d:/rv_gcc/rv_windows_bare_9.21_win32/rv_windows_2020_1_5/bin/../lib/gcc/riscv-nuclei-elf/9.2.0/../../../../riscv-nuclei-elf/lib/rv32i/ilp32\libg_nano.a(lib_a-__atexit.o)
 .riscv.attributes
                0x000000000000022c       0x1c d:/rv_gcc/rv_windows_bare_9.21_win32/rv_windows_2020_1_5/bin/../lib/gcc/riscv-nuclei-elf/9.2.0/../../../../riscv-nuclei-elf/lib/rv32i/ilp32\libg_nano.a(lib_a-__call_atexit.o)
 .riscv.attributes
                0x0000000000000248       0x1c d:/rv_gcc/rv_windows_bare_9.21_win32/rv_windows_2020_1_5/bin/../lib/gcc/riscv-nuclei-elf/9.2.0/../../../../riscv-nuclei-elf/lib/rv32i/ilp32\libg_nano.a(lib_a-reent.o)

.debug_frame    0x0000000000000000      0x7d4
 .debug_frame   0x0000000000000000      0x2fc ./RISCV/drivers/n200_func.o
 .debug_frame   0x00000000000002fc       0x84 ./RISCV/stubs/write.o
 .debug_frame   0x0000000000000380       0x48 ./RISCV/stubs/write_hex.o
 .debug_frame   0x00000000000003c8       0x2c ./RISCV/stubs/_exit.o
 .debug_frame   0x00000000000003f4       0x40 ./RISCV/env_Eclipse/handlers.o
 .debug_frame   0x0000000000000434       0x3c ./RISCV/env_Eclipse/init.o
 .debug_frame   0x0000000000000470       0x48 ./Peripherals/system_gd32vf103.o
 .debug_frame   0x00000000000004b8      0x2ec ./Peripherals/Source/gd32vf103_usart.o
 .debug_frame   0x00000000000007a4       0x30 ./App/main.o
